// Jest Snapshot v1, https://goo.gl/fbAQLP

exports[`can render MediaTab snapshot 1`] = `
<div
  class="WithData-Connect-MediaTab---container-1"
>
  <div
    class="WithData-Connect-MediaTab---paper-2"
  >
    <div
      class="WithData-Connect-MediaTab---actions-3"
    >
      <button
        aria-label="Action"
        aria-owns="action-menu"
        class="MuiButtonBase-root-32 MuiButton-root-6 MuiButton-outlined-14 MuiButton-outlinedPrimary-15 WithData-Connect-MediaTab---button-4"
        tabindex="0"
        type="button"
      >
        <span
          class="MuiButton-label-7"
        >
          Action
          <svg
            aria-hidden="true"
            class="MuiSvgIcon-root-35 WithData-Connect-MediaTab---icon-5"
            focusable="false"
            role="presentation"
            viewBox="0 0 24 24"
          >
            <path
              d="M7 10l5 5 5-5z"
            />
            <path
              d="M0 0h24v24H0z"
              fill="none"
            />
          </svg>
        </span>
        <span
          class="MuiTouchRipple-root-156"
        />
      </button>
      <button
        aria-label="Upload Media"
        class="MuiButtonBase-root-32 MuiButton-root-6 MuiButton-outlined-14 MuiButton-outlinedPrimary-15 WithData-Connect-MediaTab---button-4"
        tabindex="0"
        type="button"
      >
        <span
          class="MuiButton-label-7"
        >
          Upload Media
          <svg
            aria-hidden="true"
            class="MuiSvgIcon-root-35 WithData-Connect-MediaTab---icon-5"
            focusable="false"
            role="presentation"
            viewBox="0 0 24 24"
          >
            <path
              d="M19 13h-6v6h-2v-6H5v-2h6V5h2v6h6v2z"
            />
            <path
              d="M0 0h24v24H0z"
              fill="none"
            />
          </svg>
        </span>
        <span
          class="MuiTouchRipple-root-156"
        />
      </button>
      <button
        class="MuiButtonBase-root-32 MuiIconButton-root-48"
        tabindex="0"
        title="Show/Hide filter rows"
        type="button"
      >
        <span
          class="MuiIconButton-label-53"
        >
          <svg
            aria-hidden="true"
            class="MuiSvgIcon-root-35"
            focusable="false"
            role="presentation"
            viewBox="0 0 24 24"
          >
            <path
              d="M10 18h4v-2h-4v2zM3 6v2h18V6H3zm3 7h12v-2H6v2z"
            />
            <path
              d="M0 0h24v24H0z"
              fill="none"
            />
          </svg>
        </span>
        <span
          class="MuiTouchRipple-root-156"
        />
      </button>
    </div>
    <div
      class="RootBase-root-54"
    >
      <div
        class="TableContainer-root-55"
      >
        <table
          class="MuiTable-root-60 Table-table-56"
          style="min-width: 908px;"
        >
          <colgroup>
            <col
              style="width: 58px;"
            />
            <col
              style="width: 150px;"
            />
            <col
              style="width: 150px;"
            />
            <col
              style="width: 150px;"
            />
            <col
              style="width: 100px;"
            />
            <col
              style="width: 100px;"
            />
            <col
              style="width: 100px;"
            />
            <col
              style="width: 100px;"
            />
            <col />
          </colgroup>
          <thead
            class="MuiTableHead-root-61"
          >
            <tr
              class="MuiTableRow-root-62 MuiTableRow-head-65"
            >
              <th
                class="MuiTableCell-root-71 MuiTableCell-head-72 MuiTableCell-paddingCheckbox-77 TableSelectAllCell-cell-67"
                colspan="1"
                scope="col"
              >
                <span
                  class="MuiButtonBase-root-32 MuiButtonBase-disabled-33 MuiIconButton-root-48 MuiIconButton-disabled-52 MuiPrivateSwitchBase-root-89 MuiCheckbox-root-83 MuiCheckbox-colorSecondary-88 MuiPrivateSwitchBase-disabled-91 MuiCheckbox-disabled-85 TableSelectAllCell-checkbox-68"
                  tabindex="-1"
                >
                  <span
                    class="MuiIconButton-label-53"
                  >
                    <svg
                      aria-hidden="true"
                      class="MuiSvgIcon-root-35"
                      focusable="false"
                      role="presentation"
                      viewBox="0 0 24 24"
                    >
                      <path
                        d="M19 5v14H5V5h14m0-2H5c-1.1 0-2 .9-2 2v14c0 1.1.9 2 2 2h14c1.1 0 2-.9 2-2V5c0-1.1-.9-2-2-2z"
                      />
                    </svg>
                    <input
                      class="MuiPrivateSwitchBase-input-92"
                      data-indeterminate="false"
                      disabled=""
                      type="checkbox"
                      value=""
                    />
                  </span>
                </span>
              </th>
              <th
                class="MuiTableCell-root-71 MuiTableCell-head-72 TableHeaderCell-cell-94 TableHeaderCell-cellNoUserSelect-98 TableHeaderCell-cellDraggable-99 TableHeaderCell-cellNoWrap-104"
                colspan="1"
                scope="col"
              >
                <div
                  class="TableHeaderCell-container-103"
                >
                  <div
                    class="Content-content-105"
                  >
                    <div
                      class="SortLabel-root-108"
                    >
                      <span
                        class="MuiButtonBase-root-32 MuiTableSortLabel-root-121 SortLabel-sortLabelRoot-110"
                        role="button"
                        tabindex="0"
                        title="Sort"
                      >
                        <span
                          class="Title-title-126"
                        >
                          File Name
                        </span>
                        <svg
                          aria-hidden="true"
                          class="MuiSvgIcon-root-35 MuiTableSortLabel-icon-123 MuiTableSortLabel-iconDirectionDesc-124"
                          focusable="false"
                          role="presentation"
                          viewBox="0 0 24 24"
                        >
                          <path
                            d="M20 12l-1.41-1.41L13 16.17V4h-2v12.17l-5.58-5.59L4 12l8 8 8-8z"
                          />
                        </svg>
                      </span>
                    </div>
                  </div>
                </div>
                <div
                  class="ResizingControl-resizeHandle-127 TableHeaderCell-resizeHandle-95"
                >
                  <div
                    class="TableHeaderCell-resizeHandleLine-96 ResizingControl-resizeHandleLine-128 ResizingControl-resizeHandleFirstLine-129"
                  />
                  <div
                    class="TableHeaderCell-resizeHandleLine-96 ResizingControl-resizeHandleLine-128 ResizingControl-resizeHandleSecondLine-130"
                  />
                </div>
              </th>
              <th
                class="MuiTableCell-root-71 MuiTableCell-head-72 TableHeaderCell-cell-94 TableHeaderCell-cellNoUserSelect-98 TableHeaderCell-cellDraggable-99 TableHeaderCell-cellNoWrap-104"
                colspan="1"
                scope="col"
              >
                <div
                  class="TableHeaderCell-container-103"
                >
                  <div
                    class="Content-content-105"
                  >
                    <div
                      class="SortLabel-root-108"
                    >
                      <span
                        class="MuiButtonBase-root-32 MuiTableSortLabel-root-121 SortLabel-sortLabelRoot-110"
                        role="button"
                        tabindex="0"
                        title="Sort"
                      >
                        <span
                          class="Title-title-126"
                        >
                          Section
                        </span>
                        <svg
                          aria-hidden="true"
                          class="MuiSvgIcon-root-35 MuiTableSortLabel-icon-123 MuiTableSortLabel-iconDirectionDesc-124"
                          focusable="false"
                          role="presentation"
                          viewBox="0 0 24 24"
                        >
                          <path
                            d="M20 12l-1.41-1.41L13 16.17V4h-2v12.17l-5.58-5.59L4 12l8 8 8-8z"
                          />
                        </svg>
                      </span>
                    </div>
                  </div>
                </div>
                <div
                  class="ResizingControl-resizeHandle-127 TableHeaderCell-resizeHandle-95"
                >
                  <div
                    class="TableHeaderCell-resizeHandleLine-96 ResizingControl-resizeHandleLine-128 ResizingControl-resizeHandleFirstLine-129"
                  />
                  <div
                    class="TableHeaderCell-resizeHandleLine-96 ResizingControl-resizeHandleLine-128 ResizingControl-resizeHandleSecondLine-130"
                  />
                </div>
              </th>
              <th
                class="MuiTableCell-root-71 MuiTableCell-head-72 TableHeaderCell-cell-94 TableHeaderCell-cellNoUserSelect-98 TableHeaderCell-cellDraggable-99 TableHeaderCell-cellNoWrap-104"
                colspan="1"
                scope="col"
              >
                <div
                  class="TableHeaderCell-container-103"
                >
                  <div
                    class="Content-content-105"
                  >
                    <div
                      class="SortLabel-root-108"
                    >
                      <span
                        class="MuiButtonBase-root-32 MuiTableSortLabel-root-121 SortLabel-sortLabelRoot-110"
                        role="button"
                        tabindex="0"
                        title="Sort"
                      >
                        <span
                          class="Title-title-126"
                        >
                          Reference
                        </span>
                        <svg
                          aria-hidden="true"
                          class="MuiSvgIcon-root-35 MuiTableSortLabel-icon-123 MuiTableSortLabel-iconDirectionDesc-124"
                          focusable="false"
                          role="presentation"
                          viewBox="0 0 24 24"
                        >
                          <path
                            d="M20 12l-1.41-1.41L13 16.17V4h-2v12.17l-5.58-5.59L4 12l8 8 8-8z"
                          />
                        </svg>
                      </span>
                    </div>
                  </div>
                </div>
                <div
                  class="ResizingControl-resizeHandle-127 TableHeaderCell-resizeHandle-95"
                >
                  <div
                    class="TableHeaderCell-resizeHandleLine-96 ResizingControl-resizeHandleLine-128 ResizingControl-resizeHandleFirstLine-129"
                  />
                  <div
                    class="TableHeaderCell-resizeHandleLine-96 ResizingControl-resizeHandleLine-128 ResizingControl-resizeHandleSecondLine-130"
                  />
                </div>
              </th>
              <th
                class="MuiTableCell-root-71 MuiTableCell-head-72 TableHeaderCell-cell-94 TableHeaderCell-cellNoUserSelect-98 TableHeaderCell-cellDraggable-99 TableHeaderCell-cellNoWrap-104"
                colspan="1"
                scope="col"
              >
                <div
                  class="TableHeaderCell-container-103"
                >
                  <div
                    class="Content-content-105"
                  >
                    <div
                      class="SortLabel-root-108"
                    >
                      <span
                        class="MuiButtonBase-root-32 MuiTableSortLabel-root-121 SortLabel-sortLabelRoot-110"
                        role="button"
                        tabindex="0"
                        title="Sort"
                      >
                        <span
                          class="Title-title-126"
                        >
                          Length (s)
                        </span>
                        <svg
                          aria-hidden="true"
                          class="MuiSvgIcon-root-35 MuiTableSortLabel-icon-123 MuiTableSortLabel-iconDirectionDesc-124"
                          focusable="false"
                          role="presentation"
                          viewBox="0 0 24 24"
                        >
                          <path
                            d="M20 12l-1.41-1.41L13 16.17V4h-2v12.17l-5.58-5.59L4 12l8 8 8-8z"
                          />
                        </svg>
                      </span>
                    </div>
                  </div>
                </div>
                <div
                  class="ResizingControl-resizeHandle-127 TableHeaderCell-resizeHandle-95"
                >
                  <div
                    class="TableHeaderCell-resizeHandleLine-96 ResizingControl-resizeHandleLine-128 ResizingControl-resizeHandleFirstLine-129"
                  />
                  <div
                    class="TableHeaderCell-resizeHandleLine-96 ResizingControl-resizeHandleLine-128 ResizingControl-resizeHandleSecondLine-130"
                  />
                </div>
              </th>
              <th
                class="MuiTableCell-root-71 MuiTableCell-head-72 TableHeaderCell-cell-94 TableHeaderCell-cellNoUserSelect-98 TableHeaderCell-cellDraggable-99 TableHeaderCell-cellNoWrap-104"
                colspan="1"
                scope="col"
              >
                <div
                  class="TableHeaderCell-container-103"
                >
                  <div
                    class="Content-content-105"
                  >
                    <div
                      class="SortLabel-root-108"
                    >
                      <span
                        class="MuiButtonBase-root-32 MuiTableSortLabel-root-121 SortLabel-sortLabelRoot-110"
                        role="button"
                        tabindex="0"
                        title="Sort"
                      >
                        <span
                          class="Title-title-126"
                        >
                          Size (KB)
                        </span>
                        <svg
                          aria-hidden="true"
                          class="MuiSvgIcon-root-35 MuiTableSortLabel-icon-123 MuiTableSortLabel-iconDirectionDesc-124"
                          focusable="false"
                          role="presentation"
                          viewBox="0 0 24 24"
                        >
                          <path
                            d="M20 12l-1.41-1.41L13 16.17V4h-2v12.17l-5.58-5.59L4 12l8 8 8-8z"
                          />
                        </svg>
                      </span>
                    </div>
                  </div>
                </div>
                <div
                  class="ResizingControl-resizeHandle-127 TableHeaderCell-resizeHandle-95"
                >
                  <div
                    class="TableHeaderCell-resizeHandleLine-96 ResizingControl-resizeHandleLine-128 ResizingControl-resizeHandleFirstLine-129"
                  />
                  <div
                    class="TableHeaderCell-resizeHandleLine-96 ResizingControl-resizeHandleLine-128 ResizingControl-resizeHandleSecondLine-130"
                  />
                </div>
              </th>
              <th
                class="MuiTableCell-root-71 MuiTableCell-head-72 TableHeaderCell-cell-94 TableHeaderCell-cellNoUserSelect-98 TableHeaderCell-cellDraggable-99 TableHeaderCell-cellNoWrap-104"
                colspan="1"
                scope="col"
              >
                <div
                  class="TableHeaderCell-container-103"
                >
                  <div
                    class="Content-content-105"
                  >
                    <div
                      class="SortLabel-root-108"
                    >
                      <span
                        class="MuiButtonBase-root-32 MuiTableSortLabel-root-121 SortLabel-sortLabelRoot-110"
                        role="button"
                        tabindex="0"
                        title="Sort"
                      >
                        <span
                          class="Title-title-126"
                        >
                          Version
                        </span>
                        <svg
                          aria-hidden="true"
                          class="MuiSvgIcon-root-35 MuiTableSortLabel-icon-123 MuiTableSortLabel-iconDirectionDesc-124"
                          focusable="false"
                          role="presentation"
                          viewBox="0 0 24 24"
                        >
                          <path
                            d="M20 12l-1.41-1.41L13 16.17V4h-2v12.17l-5.58-5.59L4 12l8 8 8-8z"
                          />
                        </svg>
                      </span>
                    </div>
                  </div>
                </div>
                <div
                  class="ResizingControl-resizeHandle-127 TableHeaderCell-resizeHandle-95"
                >
                  <div
                    class="TableHeaderCell-resizeHandleLine-96 ResizingControl-resizeHandleLine-128 ResizingControl-resizeHandleFirstLine-129"
                  />
                  <div
                    class="TableHeaderCell-resizeHandleLine-96 ResizingControl-resizeHandleLine-128 ResizingControl-resizeHandleSecondLine-130"
                  />
                </div>
              </th>
              <th
                class="MuiTableCell-root-71 MuiTableCell-head-72 TableHeaderCell-cell-94 TableHeaderCell-cellNoUserSelect-98 TableHeaderCell-cellDraggable-99 TableHeaderCell-cellNoWrap-104"
                colspan="1"
                scope="col"
              >
                <div
                  class="TableHeaderCell-container-103"
                >
                  <div
                    class="Content-content-105"
                  >
                    <div
                      class="SortLabel-root-108"
                    >
                      <span
                        class="MuiButtonBase-root-32 MuiTableSortLabel-root-121 SortLabel-sortLabelRoot-110"
                        role="button"
                        tabindex="0"
                        title="Sort"
                      >
                        <span
                          class="Title-title-126"
                        >
                          Date
                        </span>
                        <svg
                          aria-hidden="true"
                          class="MuiSvgIcon-root-35 MuiTableSortLabel-icon-123 MuiTableSortLabel-iconDirectionDesc-124"
                          focusable="false"
                          role="presentation"
                          viewBox="0 0 24 24"
                        >
                          <path
                            d="M20 12l-1.41-1.41L13 16.17V4h-2v12.17l-5.58-5.59L4 12l8 8 8-8z"
                          />
                        </svg>
                      </span>
                    </div>
                  </div>
                </div>
                <div
                  class="ResizingControl-resizeHandle-127 TableHeaderCell-resizeHandle-95"
                >
                  <div
                    class="TableHeaderCell-resizeHandleLine-96 ResizingControl-resizeHandleLine-128 ResizingControl-resizeHandleFirstLine-129"
                  />
                  <div
                    class="TableHeaderCell-resizeHandleLine-96 ResizingControl-resizeHandleLine-128 ResizingControl-resizeHandleSecondLine-130"
                  />
                </div>
              </th>
              <th
                class="MuiTableCell-root-71 MuiTableCell-head-72 TableStubCell-cell-133"
                colspan="1"
                scope="col"
              />
            </tr>
          </thead>
          <tbody
            class="MuiTableBody-root-135"
          >
            <tr
              class="MuiTableRow-root-62"
            >
              <td
                class="MuiTableCell-root-71 MuiTableCell-body-73 TableNoDataCell-cell-136"
                colspan="9"
              >
                <div
                  class="TableNoDataCell-textContainer-137"
                >
                  <big
                    class="TableNoDataCell-text-138"
                  >
                    No data
                  </big>
                </div>
              </td>
            </tr>
          </tbody>
        </table>
      </div>
    </div>
  </div>
  <div />
</div>
`;
