// Jest Snapshot v1, https://goo.gl/fbAQLP

exports[`can render MediaTab snapshot 1`] = `
<div
  class="makeStyles-container-1"
>
  <div
    class="makeStyles-paper-2"
  >
    <div
      class="makeStyles-actions-3"
    >
      <button
        aria-label="Action"
        aria-owns="action-menu"
        class="MuiButtonBase-root MuiButton-root makeStyles-button-5 MuiButton-outlined MuiButton-outlinedPrimary"
        tabindex="0"
        type="button"
      >
        <span
          class="MuiButton-label"
        >
          Action
          <svg
            aria-hidden="true"
            class="MuiSvgIcon-root makeStyles-icon-6"
            focusable="false"
            role="presentation"
            viewBox="0 0 24 24"
          >
            <path
              d="M7 10l5 5 5-5z"
            />
            <path
              d="M0 0h24v24H0z"
              fill="none"
            />
          </svg>
        </span>
        <span
          class="MuiTouchRipple-root"
        />
      </button>
      <button
        aria-label="Upload Media"
        class="MuiButtonBase-root MuiButton-root makeStyles-button-5 MuiButton-outlined MuiButton-outlinedPrimary"
        tabindex="0"
        type="button"
      >
        <span
          class="MuiButton-label"
        >
          Upload Media
          <svg
            aria-hidden="true"
            class="MuiSvgIcon-root makeStyles-icon-6"
            focusable="false"
            role="presentation"
            viewBox="0 0 24 24"
          >
            <path
              d="M19 13h-6v6h-2v-6H5v-2h6V5h2v6h6v2z"
            />
            <path
              d="M0 0h24v24H0z"
              fill="none"
            />
          </svg>
        </span>
        <span
          class="MuiTouchRipple-root"
        />
      </button>
      <div
        class="makeStyles-grow-4"
      >
         
      </div>
      <button
        aria-label="Filter"
        class="MuiButtonBase-root MuiButton-root makeStyles-button-5 MuiButton-outlined MuiButton-outlinedPrimary"
        tabindex="0"
        title="Show/Hide filter rows"
        type="button"
      >
        <span
          class="MuiButton-label"
        >
          Filter
          <svg
            aria-hidden="true"
            class="MuiSvgIcon-root makeStyles-icon-6"
            focusable="false"
            role="presentation"
            viewBox="0 0 24 24"
          >
            <path
              d="M10 18h4v-2h-4v2zM3 6v2h18V6H3zm3 7h12v-2H6v2z"
            />
            <path
              d="M0 0h24v24H0z"
              fill="none"
            />
          </svg>
        </span>
        <span
          class="MuiTouchRipple-root"
        />
      </button>
    </div>
    <div
      class="RootBase-root-39"
    >
      <div
        class="TableContainer-root-40"
      >
        <table
          class="MuiTable-root Table-table-41"
          style="min-width: 908px;"
        >
          <colgroup>
            <col
              style="width: 58px;"
            />
            <col
              style="width: 150px;"
            />
            <col
              style="width: 150px;"
            />
            <col
              style="width: 150px;"
            />
            <col
              style="width: 100px;"
            />
            <col
              style="width: 100px;"
            />
            <col
              style="width: 100px;"
            />
            <col
              style="width: 100px;"
            />
            <col />
          </colgroup>
          <thead
            class="MuiTableHead-root"
          >
            <tr
              class="MuiTableRow-root MuiTableRow-head"
            >
              <th
                class="MuiTableCell-root TableSelectAllCell-cell-52 MuiTableCell-head MuiTableCell-paddingCheckbox"
                colspan="1"
                scope="col"
              >
                <span
                  aria-disabled="true"
                  class="MuiButtonBase-root MuiIconButton-root PrivateSwitchBase-root-73 MuiCheckbox-root MuiCheckbox-colorSecondary TableSelectAllCell-checkbox-53 PrivateSwitchBase-disabled-75 Mui-disabled MuiIconButton-colorSecondary Mui-disabled Mui-disabled"
                  tabindex="-1"
                >
                  <span
                    class="MuiIconButton-label"
                  >
                    <svg
                      aria-hidden="true"
                      class="MuiSvgIcon-root"
                      focusable="false"
                      role="presentation"
                      viewBox="0 0 24 24"
                    >
                      <path
                        d="M19 5v14H5V5h14m0-2H5c-1.1 0-2 .9-2 2v14c0 1.1.9 2 2 2h14c1.1 0 2-.9 2-2V5c0-1.1-.9-2-2-2z"
                      />
                    </svg>
                    <input
                      class="PrivateSwitchBase-input-76"
                      data-indeterminate="false"
                      disabled=""
                      type="checkbox"
                      value=""
                    />
                  </span>
                </span>
              </th>
              <th
                class="MuiTableCell-root TableHeaderCell-cell-87 TableHeaderCell-cellNoUserSelect-91 TableHeaderCell-cellDraggable-92 TableHeaderCell-cellNoWrap-97 MuiTableCell-head"
                colspan="1"
                scope="col"
              >
                <div
                  class="TableHeaderCell-container-96"
                >
                  <div
                    class="Content-content-98"
                  >
                    <div
                      class="SortLabel-root-101"
                    >
                      <span
                        aria-disabled="false"
                        class="MuiButtonBase-root MuiTableSortLabel-root SortLabel-sortLabelRoot-103"
                        role="button"
                        tabindex="0"
                        title="Sort"
                      >
                        <span
                          class="Title-title-119"
                        >
                          File Name
                        </span>
                        <svg
                          aria-hidden="true"
                          class="MuiSvgIcon-root MuiTableSortLabel-icon MuiTableSortLabel-iconDirectionDesc"
                          focusable="false"
                          role="presentation"
                          viewBox="0 0 24 24"
                        >
                          <path
                            d="M20 12l-1.41-1.41L13 16.17V4h-2v12.17l-5.58-5.59L4 12l8 8 8-8z"
                          />
                        </svg>
                      </span>
                    </div>
                  </div>
                </div>
                <div
                  class="ResizingControl-resizeHandle-120 TableHeaderCell-resizeHandle-88"
                >
                  <div
                    class="TableHeaderCell-resizeHandleLine-89 ResizingControl-resizeHandleLine-121 ResizingControl-resizeHandleFirstLine-122"
                  />
                  <div
                    class="TableHeaderCell-resizeHandleLine-89 ResizingControl-resizeHandleLine-121 ResizingControl-resizeHandleSecondLine-123"
                  />
                </div>
              </th>
              <th
                class="MuiTableCell-root TableHeaderCell-cell-87 TableHeaderCell-cellNoUserSelect-91 TableHeaderCell-cellDraggable-92 TableHeaderCell-cellNoWrap-97 MuiTableCell-head"
                colspan="1"
                scope="col"
              >
                <div
                  class="TableHeaderCell-container-96"
                >
                  <div
                    class="Content-content-98"
                  >
                    <div
                      class="SortLabel-root-101"
                    >
                      <span
                        aria-disabled="false"
                        class="MuiButtonBase-root MuiTableSortLabel-root SortLabel-sortLabelRoot-103"
                        role="button"
                        tabindex="0"
                        title="Sort"
                      >
                        <span
                          class="Title-title-119"
                        >
                          Section
                        </span>
                        <svg
                          aria-hidden="true"
                          class="MuiSvgIcon-root MuiTableSortLabel-icon MuiTableSortLabel-iconDirectionDesc"
                          focusable="false"
                          role="presentation"
                          viewBox="0 0 24 24"
                        >
                          <path
                            d="M20 12l-1.41-1.41L13 16.17V4h-2v12.17l-5.58-5.59L4 12l8 8 8-8z"
                          />
                        </svg>
                      </span>
                    </div>
                  </div>
                </div>
                <div
                  class="ResizingControl-resizeHandle-120 TableHeaderCell-resizeHandle-88"
                >
                  <div
                    class="TableHeaderCell-resizeHandleLine-89 ResizingControl-resizeHandleLine-121 ResizingControl-resizeHandleFirstLine-122"
                  />
                  <div
                    class="TableHeaderCell-resizeHandleLine-89 ResizingControl-resizeHandleLine-121 ResizingControl-resizeHandleSecondLine-123"
                  />
                </div>
              </th>
              <th
                class="MuiTableCell-root TableHeaderCell-cell-87 TableHeaderCell-cellNoUserSelect-91 TableHeaderCell-cellDraggable-92 TableHeaderCell-cellNoWrap-97 MuiTableCell-head"
                colspan="1"
                scope="col"
              >
                <div
                  class="TableHeaderCell-container-96"
                >
                  <div
                    class="Content-content-98"
                  >
                    <div
                      class="SortLabel-root-101"
                    >
                      <span
                        aria-disabled="false"
                        class="MuiButtonBase-root MuiTableSortLabel-root SortLabel-sortLabelRoot-103"
                        role="button"
                        tabindex="0"
                        title="Sort"
                      >
                        <span
                          class="Title-title-119"
                        >
                          Reference
                        </span>
                        <svg
                          aria-hidden="true"
                          class="MuiSvgIcon-root MuiTableSortLabel-icon MuiTableSortLabel-iconDirectionDesc"
                          focusable="false"
                          role="presentation"
                          viewBox="0 0 24 24"
                        >
                          <path
                            d="M20 12l-1.41-1.41L13 16.17V4h-2v12.17l-5.58-5.59L4 12l8 8 8-8z"
                          />
                        </svg>
                      </span>
                    </div>
                  </div>
                </div>
                <div
                  class="ResizingControl-resizeHandle-120 TableHeaderCell-resizeHandle-88"
                >
                  <div
                    class="TableHeaderCell-resizeHandleLine-89 ResizingControl-resizeHandleLine-121 ResizingControl-resizeHandleFirstLine-122"
                  />
                  <div
                    class="TableHeaderCell-resizeHandleLine-89 ResizingControl-resizeHandleLine-121 ResizingControl-resizeHandleSecondLine-123"
                  />
                </div>
              </th>
              <th
                class="MuiTableCell-root TableHeaderCell-cell-87 TableHeaderCell-cellNoUserSelect-91 TableHeaderCell-cellDraggable-92 TableHeaderCell-cellNoWrap-97 MuiTableCell-head"
                colspan="1"
                scope="col"
              >
                <div
                  class="TableHeaderCell-container-96"
                >
                  <div
                    class="Content-content-98"
                  >
                    <div
                      class="SortLabel-root-101"
                    >
                      <span
                        aria-disabled="false"
                        class="MuiButtonBase-root MuiTableSortLabel-root SortLabel-sortLabelRoot-103"
                        role="button"
                        tabindex="0"
                        title="Sort"
                      >
                        <span
                          class="Title-title-119"
                        >
                          Length (s)
                        </span>
                        <svg
                          aria-hidden="true"
                          class="MuiSvgIcon-root MuiTableSortLabel-icon MuiTableSortLabel-iconDirectionDesc"
                          focusable="false"
                          role="presentation"
                          viewBox="0 0 24 24"
                        >
                          <path
                            d="M20 12l-1.41-1.41L13 16.17V4h-2v12.17l-5.58-5.59L4 12l8 8 8-8z"
                          />
                        </svg>
                      </span>
                    </div>
                  </div>
                </div>
                <div
                  class="ResizingControl-resizeHandle-120 TableHeaderCell-resizeHandle-88"
                >
                  <div
                    class="TableHeaderCell-resizeHandleLine-89 ResizingControl-resizeHandleLine-121 ResizingControl-resizeHandleFirstLine-122"
                  />
                  <div
                    class="TableHeaderCell-resizeHandleLine-89 ResizingControl-resizeHandleLine-121 ResizingControl-resizeHandleSecondLine-123"
                  />
                </div>
              </th>
              <th
                class="MuiTableCell-root TableHeaderCell-cell-87 TableHeaderCell-cellNoUserSelect-91 TableHeaderCell-cellDraggable-92 TableHeaderCell-cellNoWrap-97 MuiTableCell-head"
                colspan="1"
                scope="col"
              >
                <div
                  class="TableHeaderCell-container-96"
                >
                  <div
                    class="Content-content-98"
                  >
                    <div
                      class="SortLabel-root-101"
                    >
                      <span
                        aria-disabled="false"
                        class="MuiButtonBase-root MuiTableSortLabel-root SortLabel-sortLabelRoot-103"
                        role="button"
                        tabindex="0"
                        title="Sort"
                      >
                        <span
                          class="Title-title-119"
                        >
                          Size (KB)
                        </span>
                        <svg
                          aria-hidden="true"
                          class="MuiSvgIcon-root MuiTableSortLabel-icon MuiTableSortLabel-iconDirectionDesc"
                          focusable="false"
                          role="presentation"
                          viewBox="0 0 24 24"
                        >
                          <path
                            d="M20 12l-1.41-1.41L13 16.17V4h-2v12.17l-5.58-5.59L4 12l8 8 8-8z"
                          />
                        </svg>
                      </span>
                    </div>
                  </div>
                </div>
                <div
                  class="ResizingControl-resizeHandle-120 TableHeaderCell-resizeHandle-88"
                >
                  <div
                    class="TableHeaderCell-resizeHandleLine-89 ResizingControl-resizeHandleLine-121 ResizingControl-resizeHandleFirstLine-122"
                  />
                  <div
                    class="TableHeaderCell-resizeHandleLine-89 ResizingControl-resizeHandleLine-121 ResizingControl-resizeHandleSecondLine-123"
                  />
                </div>
              </th>
              <th
                class="MuiTableCell-root TableHeaderCell-cell-87 TableHeaderCell-cellNoUserSelect-91 TableHeaderCell-cellDraggable-92 TableHeaderCell-cellNoWrap-97 MuiTableCell-head"
                colspan="1"
                scope="col"
              >
                <div
                  class="TableHeaderCell-container-96"
                >
                  <div
                    class="Content-content-98"
                  >
                    <div
                      class="SortLabel-root-101"
                    >
                      <span
                        aria-disabled="false"
                        class="MuiButtonBase-root MuiTableSortLabel-root SortLabel-sortLabelRoot-103"
                        role="button"
                        tabindex="0"
                        title="Sort"
                      >
                        <span
                          class="Title-title-119"
                        >
                          Version
                        </span>
                        <svg
                          aria-hidden="true"
                          class="MuiSvgIcon-root MuiTableSortLabel-icon MuiTableSortLabel-iconDirectionDesc"
                          focusable="false"
                          role="presentation"
                          viewBox="0 0 24 24"
                        >
                          <path
                            d="M20 12l-1.41-1.41L13 16.17V4h-2v12.17l-5.58-5.59L4 12l8 8 8-8z"
                          />
                        </svg>
                      </span>
                    </div>
                  </div>
                </div>
                <div
                  class="ResizingControl-resizeHandle-120 TableHeaderCell-resizeHandle-88"
                >
                  <div
                    class="TableHeaderCell-resizeHandleLine-89 ResizingControl-resizeHandleLine-121 ResizingControl-resizeHandleFirstLine-122"
                  />
                  <div
                    class="TableHeaderCell-resizeHandleLine-89 ResizingControl-resizeHandleLine-121 ResizingControl-resizeHandleSecondLine-123"
                  />
                </div>
              </th>
              <th
                class="MuiTableCell-root TableHeaderCell-cell-87 TableHeaderCell-cellNoUserSelect-91 TableHeaderCell-cellDraggable-92 TableHeaderCell-cellNoWrap-97 MuiTableCell-head"
                colspan="1"
                scope="col"
              >
                <div
                  class="TableHeaderCell-container-96"
                >
                  <div
                    class="Content-content-98"
                  >
                    <div
                      class="SortLabel-root-101"
                    >
                      <span
                        aria-disabled="false"
                        class="MuiButtonBase-root MuiTableSortLabel-root SortLabel-sortLabelRoot-103"
                        role="button"
                        tabindex="0"
                        title="Sort"
                      >
                        <span
                          class="Title-title-119"
                        >
                          Date
                        </span>
                        <svg
                          aria-hidden="true"
                          class="MuiSvgIcon-root MuiTableSortLabel-icon MuiTableSortLabel-iconDirectionDesc"
                          focusable="false"
                          role="presentation"
                          viewBox="0 0 24 24"
                        >
                          <path
                            d="M20 12l-1.41-1.41L13 16.17V4h-2v12.17l-5.58-5.59L4 12l8 8 8-8z"
                          />
                        </svg>
                      </span>
                    </div>
                  </div>
                </div>
                <div
                  class="ResizingControl-resizeHandle-120 TableHeaderCell-resizeHandle-88"
                >
                  <div
                    class="TableHeaderCell-resizeHandleLine-89 ResizingControl-resizeHandleLine-121 ResizingControl-resizeHandleFirstLine-122"
                  />
                  <div
                    class="TableHeaderCell-resizeHandleLine-89 ResizingControl-resizeHandleLine-121 ResizingControl-resizeHandleSecondLine-123"
                  />
                </div>
              </th>
              <th
                class="MuiTableCell-root TableStubCell-cell-126 MuiTableCell-head"
                colspan="1"
                scope="col"
              />
            </tr>
          </thead>
          <tbody
            class="MuiTableBody-root"
          >
            <tr
              class="MuiTableRow-root"
            >
              <td
                class="MuiTableCell-root TableNoDataCell-cell-129 MuiTableCell-body"
                colspan="9"
              >
                <div
                  class="TableNoDataCell-textContainer-130"
                >
                  <big
                    class="TableNoDataCell-text-131"
                  >
                    No data
                  </big>
                </div>
              </td>
            </tr>
          </tbody>
        </table>
      </div>
    </div>
  </div>
  <div />
  <div />
</div>
`;
