// Jest Snapshot v1, https://goo.gl/fbAQLP

exports[`can render ProjectTable snapshot 1`] = `
<div
  class="makeStyles-root-1"
>
  <header
    class="MuiPaper-root MuiPaper-elevation4 MuiAppBar-root MuiAppBar-positionStatic makeStyles-appBar-12 MuiAppBar-colorPrimary"
  >
    <div
      class="MuiToolbar-root MuiToolbar-regular MuiToolbar-gutters"
    >
      <button
        class="MuiButtonBase-root MuiIconButton-root makeStyles-menuButton-13"
        tabindex="0"
        type="button"
      >
        <span
          class="MuiIconButton-label"
        >
          <svg
            aria-hidden="true"
            class="MuiSvgIcon-root"
            focusable="false"
            role="presentation"
            viewBox="0 0 24 24"
          >
            <path
              d="M0 0h24v24H0z"
              fill="none"
            />
            <path
              d="M20 11H7.83l5.59-5.59L12 4l-8 8 8 8 1.41-1.41L7.83 13H20v-2z"
            />
          </svg>
        </span>
        <span
          class="MuiTouchRipple-root"
        />
      </button>
      <button
        class="MuiButtonBase-root MuiButton-root makeStyles-button-20 MuiButton-text"
        tabindex="0"
        type="button"
      >
        <span
          class="MuiButton-label"
        >
          <h6
            class="MuiTypography-root MuiTypography-h6 MuiTypography-colorInherit"
          />
        </span>
        <span
          class="MuiTouchRipple-root"
        />
      </button>
      <h6
        class="MuiTypography-root makeStyles-grow-11 MuiTypography-h6 MuiTypography-colorInherit"
      >
        Transcriber Admin
      </h6>
      <div
        class="makeStyles-grow-11"
      />
      <div
        class="makeStyles-search-16"
      >
        <div
          class="makeStyles-searchIcon-17"
        >
          <svg
            aria-hidden="true"
            class="MuiSvgIcon-root"
            focusable="false"
            role="presentation"
            viewBox="0 0 24 24"
          >
            <path
              d="M15.5 14h-.79l-.28-.27C15.41 12.59 16 11.11 16 9.5 16 5.91 13.09 3 9.5 3S3 5.91 3 9.5 5.91 16 9.5 16c1.61 0 3.09-.59 4.23-1.57l.27.28v.79l5 4.99L20.49 19l-4.99-5zm-6 0C7.01 14 5 11.99 5 9.5S7.01 5 9.5 5 14 7.01 14 9.5 11.99 14 9.5 14z"
            />
            <path
              d="M0 0h24v24H0z"
              fill="none"
            />
          </svg>
        </div>
        <div
          class="MuiInputBase-root makeStyles-inputRoot-18"
        >
          <input
            class="MuiInputBase-input makeStyles-inputInput-19"
            placeholder="Search…"
            type="text"
            value=""
          />
        </div>
      </div>
      <div
        class="MuiAvatar-root makeStyles-avatar-21 MuiAvatar-colorDefault"
      />
    </div>
  </header>
  <div
    class="makeStyles-container-2"
  >
    <div
      class="MuiPaper-root MuiPaper-elevation1 makeStyles-paper-3 MuiPaper-rounded"
      id="ProjectTable"
    >
      <div
        class="makeStyles-dialogHeader-5"
      >
        <div
          class="makeStyles-grow-4"
        />
        <h5
          class="MuiTypography-root MuiTypography-h5"
        >
          Choose Project
        </h5>
        <div
          class="makeStyles-grow-4"
        />
        <button
          aria-label="Add"
          class="MuiButtonBase-root MuiFab-root makeStyles-button-9 MuiFab-primary"
          tabindex="0"
          type="button"
        >
          <span
            class="MuiFab-label"
          >
            <svg
              aria-hidden="true"
              class="MuiSvgIcon-root makeStyles-icon-10"
              focusable="false"
              role="presentation"
              viewBox="0 0 24 24"
            >
              <path
                d="M19 13h-6v6h-2v-6H5v-2h6V5h2v6h6v2z"
              />
              <path
                d="M0 0h24v24H0z"
                fill="none"
              />
            </svg>
          </span>
          <span
            class="MuiTouchRipple-root"
          />
        </button>
      </div>
      <div
        class="RootBase-root-160"
      >
        <div
          class="MuiToolbar-root MuiToolbar-regular Toolbar-toolbar-161 MuiToolbar-gutters"
        >
          <div
            style="flex: 0 0 0px; margin-left: auto;"
          />
        </div>
        <div
          class="TableContainer-root-162"
        >
          <table
            class="MuiTable-root Table-table-163"
            style="min-width: 800px;"
          >
            <colgroup>
              <col
                style="width: 200px;"
              />
              <col
                style="width: 400px;"
              />
              <col
                style="width: 100px;"
              />
              <col
                style="width: 100px;"
              />
              <col />
            </colgroup>
            <thead
              class="MuiTableHead-root"
            >
              <tr
                class="MuiTableRow-root MuiTableRow-head"
              >
                <th
                  class="MuiTableCell-root TableHeaderCell-cell-175 TableHeaderCell-cellNoWrap-185 MuiTableCell-head"
                  colspan="1"
                  scope="col"
                >
                  <div
                    class="TableHeaderCell-container-184"
                  >
                    <div
                      class="Content-content-197"
                    >
                      <div
                        class="SortLabel-root-200"
                      >
                        <span
                          aria-disabled="false"
                          class="MuiButtonBase-root MuiTableSortLabel-root SortLabel-sortLabelRoot-202 MuiTableSortLabel-active SortLabel-sortLabelActive-204"
                          role="button"
                          tabindex="0"
                          title="Sort"
                        >
                          <span
                            class="Title-title-218"
                          >
                            Name
                          </span>
                          <svg
                            aria-hidden="true"
                            class="MuiSvgIcon-root MuiTableSortLabel-icon MuiTableSortLabel-iconDirectionAsc"
                            focusable="false"
                            role="presentation"
                            viewBox="0 0 24 24"
                          >
                            <path
                              d="M20 12l-1.41-1.41L13 16.17V4h-2v12.17l-5.58-5.59L4 12l8 8 8-8z"
                            />
                          </svg>
                        </span>
                      </div>
                    </div>
                  </div>
                  <div
                    class="ResizingControl-resizeHandle-219 TableHeaderCell-resizeHandle-176"
                  >
                    <div
                      class="TableHeaderCell-resizeHandleLine-177 ResizingControl-resizeHandleLine-220 ResizingControl-resizeHandleFirstLine-221"
                    />
                    <div
                      class="TableHeaderCell-resizeHandleLine-177 ResizingControl-resizeHandleLine-220 ResizingControl-resizeHandleSecondLine-222"
                    />
                  </div>
                </th>
                <th
                  class="MuiTableCell-root TableHeaderCell-cell-175 TableHeaderCell-cellNoWrap-185 MuiTableCell-head"
                  colspan="1"
                  scope="col"
                >
                  <div
                    class="TableHeaderCell-container-184"
                  >
                    <div
                      class="Content-content-197"
                    >
                      <div
                        class="SortLabel-root-200"
                      >
                        <span
                          aria-disabled="false"
                          class="MuiButtonBase-root MuiTableSortLabel-root SortLabel-sortLabelRoot-202"
                          role="button"
                          tabindex="0"
                          title="Sort"
                        >
                          <span
                            class="Title-title-218"
                          >
                            Description
                          </span>
                          <svg
                            aria-hidden="true"
                            class="MuiSvgIcon-root MuiTableSortLabel-icon MuiTableSortLabel-iconDirectionDesc"
                            focusable="false"
                            role="presentation"
                            viewBox="0 0 24 24"
                          >
                            <path
                              d="M20 12l-1.41-1.41L13 16.17V4h-2v12.17l-5.58-5.59L4 12l8 8 8-8z"
                            />
                          </svg>
                        </span>
                      </div>
                    </div>
                  </div>
                  <div
                    class="ResizingControl-resizeHandle-219 TableHeaderCell-resizeHandle-176"
                  >
                    <div
                      class="TableHeaderCell-resizeHandleLine-177 ResizingControl-resizeHandleLine-220 ResizingControl-resizeHandleFirstLine-221"
                    />
                    <div
                      class="TableHeaderCell-resizeHandleLine-177 ResizingControl-resizeHandleLine-220 ResizingControl-resizeHandleSecondLine-222"
                    />
                  </div>
                </th>
                <th
                  class="MuiTableCell-root TableHeaderCell-cell-175 TableHeaderCell-cellNoWrap-185 MuiTableCell-head"
                  colspan="1"
                  scope="col"
                >
                  <div
                    class="TableHeaderCell-container-184"
                  >
                    <div
                      class="Content-content-197"
                    >
                      <div
                        class="SortLabel-root-200"
                      >
                        <span
                          aria-disabled="false"
                          class="MuiButtonBase-root MuiTableSortLabel-root SortLabel-sortLabelRoot-202"
                          role="button"
                          tabindex="0"
                          title="Sort"
                        >
                          <span
                            class="Title-title-218"
                          >
                            Language
                          </span>
                          <svg
                            aria-hidden="true"
                            class="MuiSvgIcon-root MuiTableSortLabel-icon MuiTableSortLabel-iconDirectionDesc"
                            focusable="false"
                            role="presentation"
                            viewBox="0 0 24 24"
                          >
                            <path
                              d="M20 12l-1.41-1.41L13 16.17V4h-2v12.17l-5.58-5.59L4 12l8 8 8-8z"
                            />
                          </svg>
                        </span>
                      </div>
                    </div>
                  </div>
                  <div
                    class="ResizingControl-resizeHandle-219 TableHeaderCell-resizeHandle-176"
                  >
                    <div
                      class="TableHeaderCell-resizeHandleLine-177 ResizingControl-resizeHandleLine-220 ResizingControl-resizeHandleFirstLine-221"
                    />
                    <div
                      class="TableHeaderCell-resizeHandleLine-177 ResizingControl-resizeHandleLine-220 ResizingControl-resizeHandleSecondLine-222"
                    />
                  </div>
                </th>
                <th
                  class="MuiTableCell-root TableHeaderCell-cell-175 TableHeaderCell-cellNoWrap-185 MuiTableCell-head"
                  colspan="1"
                  scope="col"
                >
                  <div
                    class="TableHeaderCell-container-184"
                  >
                    <div
                      class="Content-content-197"
                    >
                      <div
                        class="SortLabel-root-200"
                      >
                        <span
                          aria-disabled="false"
                          class="MuiButtonBase-root MuiTableSortLabel-root SortLabel-sortLabelRoot-202"
                          role="button"
                          tabindex="0"
                          title="Sort"
                        >
                          <span
                            class="Title-title-218"
                          >
                            Delete
                          </span>
                          <svg
                            aria-hidden="true"
                            class="MuiSvgIcon-root MuiTableSortLabel-icon MuiTableSortLabel-iconDirectionDesc"
                            focusable="false"
                            role="presentation"
                            viewBox="0 0 24 24"
                          >
                            <path
                              d="M20 12l-1.41-1.41L13 16.17V4h-2v12.17l-5.58-5.59L4 12l8 8 8-8z"
                            />
                          </svg>
                        </span>
                      </div>
                    </div>
                  </div>
                  <div
                    class="ResizingControl-resizeHandle-219 TableHeaderCell-resizeHandle-176"
                  >
                    <div
                      class="TableHeaderCell-resizeHandleLine-177 ResizingControl-resizeHandleLine-220 ResizingControl-resizeHandleFirstLine-221"
                    />
                    <div
                      class="TableHeaderCell-resizeHandleLine-177 ResizingControl-resizeHandleLine-220 ResizingControl-resizeHandleSecondLine-222"
                    />
                  </div>
                </th>
                <th
                  class="MuiTableCell-root TableStubCell-cell-225 MuiTableCell-head"
                  colspan="1"
                  scope="col"
                />
              </tr>
            </thead>
            <tbody
              class="MuiTableBody-root"
            >
              <tr
                class="MuiTableRow-root"
              >
                <td
                  class="MuiTableCell-root TableNoDataCell-cell-228 MuiTableCell-body"
                  colspan="5"
                >
                  <div
                    class="TableNoDataCell-textContainer-229"
                  >
                    <big
                      class="TableNoDataCell-text-230"
                    >
                      No data
                    </big>
                  </div>
                </td>
              </tr>
            </tbody>
          </table>
        </div>
      </div>
    </div>
  </div>
</div>
`;
